[23:14:32] build
[23:14:33] autocannon autocannon v8.0.0
[23:14:33] saída: results/run-20260923-231432 | 120 execuções | ~200 min
[23:14:33] == repetição 1/5 ==
[23:14:33]   fastify-plain__get__io0__c10__r1
[23:16:15]   fastify-plain__get__io0__c100__r1
[23:17:58]   fastify-plain__get__io0__c500__r1
[23:19:40]   fastify-plain__post__io0__c10__r1
[23:21:23]   fastify-plain__post__io0__c100__r1
[23:23:05]   fastify-plain__post__io0__c500__r1
[23:24:48]   express-zod__get__io0__c10__r1
[23:26:30]   express-zod__get__io0__c100__r1
[23:28:13]   express-zod__get__io0__c500__r1
[23:29:54]   express-zod__post__io0__c10__r1
[23:31:37]   express-zod__post__io0__c100__r1
[23:33:19]   express-zod__post__io0__c500__r1
[23:35:02]   express-plain__get__io0__c10__r1
[23:36:44]   express-plain__get__io0__c100__r1
[23:38:27]   express-plain__get__io0__c500__r1
[23:40:09]   express-plain__post__io0__c10__r1
[23:41:51]   express-plain__post__io0__c100__r1
[23:43:34]   express-plain__post__io0__c500__r1
[23:45:16]   fastify-schema__get__io0__c10__r1
[23:46:59]   fastify-schema__get__io0__c100__r1
[23:48:41]   fastify-schema__get__io0__c500__r1
[23:50:24]   fastify-schema__post__io0__c10__r1
[23:52:06]   fastify-schema__post__io0__c100__r1
[23:53:49]   fastify-schema__post__io0__c500__r1
[23:55:31] == repetição 2/5 ==
[23:55:31]   express-plain__get__io0__c10__r2
[23:57:14]   express-plain__get__io0__c100__r2
[23:58:56]   express-plain__get__io0__c500__r2
[00:00:39]   express-plain__post__io0__c10__r2
[00:02:21]   express-plain__post__io0__c100__r2
[00:04:04]   express-plain__post__io0__c500__r2
[00:05:46]   express-zod__get__io0__c10__r2
[00:07:29]   express-zod__get__io0__c100__r2
[00:09:11]   express-zod__get__io0__c500__r2
[00:10:54]   express-zod__post__io0__c10__r2
[00:12:36]   express-zod__post__io0__c100__r2
[00:14:17]   express-zod__post__io0__c500__r2
[00:15:59]   fastify-schema__get__io0__c10__r2
[00:17:41]   fastify-schema__get__io0__c100__r2
[00:19:24]   fastify-schema__get__io0__c500__r2
[00:21:06]   fastify-schema__post__io0__c10__r2
[00:22:49]   fastify-schema__post__io0__c100__r2
[00:24:31]   fastify-schema__post__io0__c500__r2
[00:26:14]   fastify-plain__get__io0__c10__r2
[00:27:56]   fastify-plain__get__io0__c100__r2
[00:29:39]   fastify-plain__get__io0__c500__r2
[00:31:21]   fastify-plain__post__io0__c10__r2
[00:33:04]   fastify-plain__post__io0__c100__r2
[00:34:46]   fastify-plain__post__io0__c500__r2
[00:36:29] == repetição 3/5 ==
[00:36:29]   fastify-schema__get__io0__c10__r3
[00:38:11]   fastify-schema__get__io0__c100__r3
[00:39:54]   fastify-schema__get__io0__c500__r3
[00:41:36]   fastify-schema__post__io0__c10__r3
[00:43:19]   fastify-schema__post__io0__c100__r3
[00:45:01]   fastify-schema__post__io0__c500__r3
[00:46:44]   fastify-plain__get__io0__c10__r3
[00:48:26]   fastify-plain__get__io0__c100__r3
[00:50:09]   fastify-plain__get__io0__c500__r3
[00:51:51]   fastify-plain__post__io0__c10__r3
[00:53:34]   fastify-plain__post__io0__c100__r3
[00:55:16]   fastify-plain__post__io0__c500__r3
[00:56:58]   express-plain__get__io0__c10__r3
[00:58:40]   express-plain__get__io0__c100__r3
[01:00:22]   express-plain__get__io0__c500__r3
[01:02:05]   express-plain__post__io0__c10__r3
[01:03:47]   express-plain__post__io0__c100__r3
[01:05:30]   express-plain__post__io0__c500__r3
[01:07:12]   express-zod__get__io0__c10__r3
[01:08:55]   express-zod__get__io0__c100__r3
[01:10:37]   express-zod__get__io0__c500__r3
[01:12:20]   express-zod__post__io0__c10__r3
[01:14:02]   express-zod__post__io0__c100__r3
[01:15:45]   express-zod__post__io0__c500__r3
[01:17:26] == repetição 4/5 ==
[01:17:26]   express-zod__get__io0__c10__r4
[01:19:09]   express-zod__get__io0__c100__r4
[01:20:51]   express-zod__get__io0__c500__r4
[01:22:34]   express-zod__post__io0__c10__r4
[01:24:16]   express-zod__post__io0__c100__r4
[01:25:59]   express-zod__post__io0__c500__r4
[01:27:41]   fastify-schema__get__io0__c10__r4
[01:29:23]   fastify-schema__get__io0__c100__r4
[01:31:06]   fastify-schema__get__io0__c500__r4
[01:32:48]   fastify-schema__post__io0__c10__r4
[01:34:31]   fastify-schema__post__io0__c100__r4
[01:36:13]   fastify-schema__post__io0__c500__r4
[01:37:56]   express-plain__get__io0__c10__r4
[01:39:38]   express-plain__get__io0__c100__r4
[01:41:21]   express-plain__get__io0__c500__r4
[01:43:03]   express-plain__post__io0__c10__r4
[01:44:46]   express-plain__post__io0__c100__r4
[01:46:27]   express-plain__post__io0__c500__r4
[01:48:10]   fastify-plain__get__io0__c10__r4
[01:49:52]   fastify-plain__get__io0__c100__r4
[01:51:35]   fastify-plain__get__io0__c500__r4
[01:53:17]   fastify-plain__post__io0__c10__r4
[01:55:00]   fastify-plain__post__io0__c100__r4
[01:56:42]   fastify-plain__post__io0__c500__r4
[01:58:25] == repetição 5/5 ==
[01:58:25]   express-zod__get__io0__c10__r5
[02:00:07]   express-zod__get__io0__c100__r5
[02:01:50]   express-zod__get__io0__c500__r5
[02:03:32]   express-zod__post__io0__c10__r5
[02:05:14]   express-zod__post__io0__c100__r5
[02:06:56]   express-zod__post__io0__c500__r5
[02:08:37]   express-plain__get__io0__c10__r5
[02:10:20]   express-plain__get__io0__c100__r5
[02:12:02]   express-plain__get__io0__c500__r5
[02:13:45]   express-plain__post__io0__c10__r5
[02:15:27]   express-plain__post__io0__c100__r5
[02:17:10]   express-plain__post__io0__c500__r5
[02:18:52]   fastify-plain__get__io0__c10__r5
[02:20:35]   fastify-plain__get__io0__c100__r5
[02:22:17]   fastify-plain__get__io0__c500__r5
[02:24:00]   fastify-plain__post__io0__c10__r5
[02:25:42]   fastify-plain__post__io0__c100__r5
[02:27:25]   fastify-plain__post__io0__c500__r5
[02:29:07]   fastify-schema__get__io0__c10__r5
[02:30:50]   fastify-schema__get__io0__c100__r5
[02:32:32]   fastify-schema__get__io0__c500__r5
[02:34:15]   fastify-schema__post__io0__c10__r5
[02:35:57]   fastify-schema__post__io0__c100__r5
[02:37:40]   fastify-schema__post__io0__c500__r5
[02:39:22] concluído. rode: python3 scripts/4-analyze.py results/run-20260923-231432
