[08:55:47] build
[08:55:48] autocannon autocannon v8.0.0
[08:55:48] saída: results/run-20260924-085547 | 120 execuções | ~200 min
[08:55:48] == repetição 1/5 ==
[08:55:48]   fastify-schema__get__io0__c10__r1
[08:57:30]   fastify-schema__get__io0__c100__r1
[08:59:13]   fastify-schema__get__io0__c500__r1
[09:00:55]   fastify-schema__post__io0__c10__r1
[09:02:38]   fastify-schema__post__io0__c100__r1
[09:04:20]   fastify-schema__post__io0__c500__r1
[09:06:03]   fastify-plain__get__io0__c10__r1
[09:07:45]   fastify-plain__get__io0__c100__r1
[09:09:28]   fastify-plain__get__io0__c500__r1
[09:11:10]   fastify-plain__post__io0__c10__r1
[09:12:53]   fastify-plain__post__io0__c100__r1
[09:14:35]   fastify-plain__post__io0__c500__r1
[09:16:18]   express-zod__get__io0__c10__r1
[09:18:00]   express-zod__get__io0__c100__r1
[09:19:42]   express-zod__get__io0__c500__r1
[09:21:25]   express-zod__post__io0__c10__r1
[09:23:07]   express-zod__post__io0__c100__r1
[09:24:49]   express-zod__post__io0__c500__r1
[09:26:31]   express-plain__get__io0__c10__r1
[09:28:14]   express-plain__get__io0__c100__r1
[09:29:56]   express-plain__get__io0__c500__r1
[09:31:39]   express-plain__post__io0__c10__r1
[09:33:21]   express-plain__post__io0__c100__r1
[09:35:04]   express-plain__post__io0__c500__r1
[09:36:46] == repetição 2/5 ==
[09:36:46]   fastify-plain__get__io0__c10__r2
[09:38:29]   fastify-plain__get__io0__c100__r2
[09:40:11]   fastify-plain__get__io0__c500__r2
[09:41:54]   fastify-plain__post__io0__c10__r2
[09:43:36]   fastify-plain__post__io0__c100__r2
[09:45:19]   fastify-plain__post__io0__c500__r2
[09:47:01]   fastify-schema__get__io0__c10__r2
[09:48:44]   fastify-schema__get__io0__c100__r2
[09:50:26]   fastify-schema__get__io0__c500__r2
[09:52:09]   fastify-schema__post__io0__c10__r2
[09:53:51]   fastify-schema__post__io0__c100__r2
[09:55:34]   fastify-schema__post__io0__c500__r2
[09:57:16]   express-plain__get__io0__c10__r2
[09:58:58]   express-plain__get__io0__c100__r2
[10:00:40]   express-plain__get__io0__c500__r2
[10:02:22]   express-plain__post__io0__c10__r2
[10:04:05]   express-plain__post__io0__c100__r2
[10:05:47]   express-plain__post__io0__c500__r2
[10:07:30]   express-zod__get__io0__c10__r2
[10:09:12]   express-zod__get__io0__c100__r2
[10:10:55]   express-zod__get__io0__c500__r2
[10:12:37]   express-zod__post__io0__c10__r2
[10:14:20]   express-zod__post__io0__c100__r2
[10:16:02]   express-zod__post__io0__c500__r2
[10:17:45] == repetição 3/5 ==
[10:17:45]   fastify-plain__get__io0__c10__r3
[10:19:27]   fastify-plain__get__io0__c100__r3
[10:21:10]   fastify-plain__get__io0__c500__r3
[10:22:52]   fastify-plain__post__io0__c10__r3
[10:24:34]   fastify-plain__post__io0__c100__r3
[10:26:16]   fastify-plain__post__io0__c500__r3
[10:27:59]   fastify-schema__get__io0__c10__r3
[10:29:41]   fastify-schema__get__io0__c100__r3
[10:31:24]   fastify-schema__get__io0__c500__r3
[10:33:06]   fastify-schema__post__io0__c10__r3
[10:34:49]   fastify-schema__post__io0__c100__r3
[10:36:31]   fastify-schema__post__io0__c500__r3
[10:38:14]   express-plain__get__io0__c10__r3
[10:39:56]   express-plain__get__io0__c100__r3
[10:41:38]   express-plain__get__io0__c500__r3
[10:43:21]   express-plain__post__io0__c10__r3
[10:45:03]   express-plain__post__io0__c100__r3
[10:46:46]   express-plain__post__io0__c500__r3
[10:48:28]   express-zod__get__io0__c10__r3
[10:50:11]   express-zod__get__io0__c100__r3
[10:51:53]   express-zod__get__io0__c500__r3
[10:53:36]   express-zod__post__io0__c10__r3
[10:55:18]   express-zod__post__io0__c100__r3
[10:57:01]   express-zod__post__io0__c500__r3
[10:58:43] == repetição 4/5 ==
[10:58:43]   fastify-schema__get__io0__c10__r4
[11:00:26]   fastify-schema__get__io0__c100__r4
[11:02:08]   fastify-schema__get__io0__c500__r4
[11:03:51]   fastify-schema__post__io0__c10__r4
[11:05:33]   fastify-schema__post__io0__c100__r4
[11:07:16]   fastify-schema__post__io0__c500__r4
[11:08:58]   express-zod__get__io0__c10__r4
[11:10:41]   express-zod__get__io0__c100__r4
[11:12:23]   express-zod__get__io0__c500__r4
[11:14:06]   express-zod__post__io0__c10__r4
[11:15:48]   express-zod__post__io0__c100__r4
[11:17:30]   express-zod__post__io0__c500__r4
[11:19:13]   express-plain__get__io0__c10__r4
[11:20:55]   express-plain__get__io0__c100__r4
[11:22:38]   express-plain__get__io0__c500__r4
[11:24:20]   express-plain__post__io0__c10__r4
[11:26:03]   express-plain__post__io0__c100__r4
[11:27:45]   express-plain__post__io0__c500__r4
[11:29:27]   fastify-plain__get__io0__c10__r4
[11:31:09]   fastify-plain__get__io0__c100__r4
[11:32:52]   fastify-plain__get__io0__c500__r4
[11:34:34]   fastify-plain__post__io0__c10__r4
[11:36:17]   fastify-plain__post__io0__c100__r4
[11:37:59]   fastify-plain__post__io0__c500__r4
[11:39:42] == repetição 5/5 ==
[11:39:42]   fastify-plain__get__io0__c10__r5
[11:41:24]   fastify-plain__get__io0__c100__r5
[11:43:06]   fastify-plain__get__io0__c500__r5
[11:44:49]   fastify-plain__post__io0__c10__r5
[11:46:31]   fastify-plain__post__io0__c100__r5
[11:48:14]   fastify-plain__post__io0__c500__r5
[11:49:56]   fastify-schema__get__io0__c10__r5
[11:51:39]   fastify-schema__get__io0__c100__r5
[11:53:21]   fastify-schema__get__io0__c500__r5
[11:55:04]   fastify-schema__post__io0__c10__r5
[11:56:46]   fastify-schema__post__io0__c100__r5
[11:58:29]   fastify-schema__post__io0__c500__r5
[12:00:11]   express-zod__get__io0__c10__r5
[12:01:54]   express-zod__get__io0__c100__r5
[12:03:36]   express-zod__get__io0__c500__r5
[12:05:19]   express-zod__post__io0__c10__r5
[12:07:01]   express-zod__post__io0__c100__r5
[12:08:44]   express-zod__post__io0__c500__r5
[12:10:26]   express-plain__get__io0__c10__r5
[12:12:09]   express-plain__get__io0__c100__r5
[12:13:51]   express-plain__get__io0__c500__r5
[12:15:34]   express-plain__post__io0__c10__r5
[12:17:16]   express-plain__post__io0__c100__r5
[12:18:58]   express-plain__post__io0__c500__r5
[12:20:41] concluído. rode: python3 scripts/4-analyze.py results/run-20260924-085547
